0100000000000000000000000000100001000000000110000000000000101000000010010000000000000000000000010000
